.\gradlew : e: file:///C:/Users/baran/OneDr
ive/Desktop/Islam-master/app/src/main/java/
com/example/islam/presentation/dhikr/DhikrS
creen.kt:91:37 Unresolved reference 'CardBg
'.
At line:1 char:1
+ .\gradlew assembleDebug 2> build_errors.t
xt > build_output.txt
+ ~~~~~~~~~~~~~~~~~~~~~~~~~~~~~~~~~~~~~~~~~
~~~~~~~~~~~~~~~~~~~~~
    + CategoryInfo          : NotSpecifi   
 ed: (e: file:///C:/U...rence 'CardBg    '.
:String) [], RemoteException
    + FullyQualifiedErrorId : NativeComm   
 andError
 

FAILURE: Build failed with an exception.

* What went wrong:
Execution failed for task ':app:compileDebu
gKotlin'.
> A failure occurred while executing org.je
tbrains.kotlin.compilerRunner.GradleCompile
rRunnerWithWorkers$GradleKotlinCompilerWork
Action
   > Compilation error. See log for more de
tails

* Try:
> Run with --stacktrace option to get the s
tack trace.
> Run with --info or --debug option to get 
more log output.
> Run with --scan to get full insights.
> Get more help at https://help.gradle.org.

BUILD FAILED in 3s
